User Access Verification

Username: sdmin
Password: 
% Login invalid

Username: 
Username: 
Username: admin
Password: 
DEVOP2#guestshell run python
Python 2.7.5 (default, Jun 17 2014, 18:11:42) 
[GCC 4.8.2 20140120 (Red Hat 4.8.2-16)] on linux2
Type "help", "copyright", "credits" or "license" for more information.
>>> 
>>> 
>>> 
>>> 
>>> import cli 
>>> cmd = [
...   "show ip int br",
... ]
>>> for c in cmd:
...     cli.executep(c)
... 
Interface              IP-Address      OK? Method Status                Protocol
GigabitEthernet1       192.168.101.135 YES DHCP   up                    up      
GigabitEthernet2       192.168.108.137 YES DHCP   up                    up      
GigabitEthernet3       unassigned      YES unset  administratively down down    
VirtualPortGroup0      192.168.35.1    YES manual up                    up      
>>> import cli
>>> 
>>> commands = [
...     "show version",
... ]
>>> 
>>> for c in commands:
...     cli.executep(c)
... 
Cisco IOS XE Software, Version 16.09.05
Cisco IOS Software [Fuji], Virtual XE Software (X86_64_LINUX_IOSD-UNIVERSALK9-M), Version 16.9.5, RELEASE SOFTWARE (fc1)
Technical Support: http://www.cisco.com/techsupport
Copyright (c) 1986-2020 by Cisco Systems, Inc.
Compiled Thu 30-Jan-20 18:48 by mcpre
Cisco IOS-XE software, Copyright (c) 2005-2020 by cisco Systems, Inc.
All rights reserved.  Certain components of Cisco IOS-XE software are
licensed under the GNU General Public License ("GPL") Version 2.0.  The
software code licensed under GPL Version 2.0 is free software that comes
with ABSOLUTELY NO WARRANTY.  You can redistribute and/or modify such
GPL code under the terms of GPL Version 2.0.  For more details, see the
documentation or "License Notice" file accompanying the IOS-XE software,
or the applicable URL provided on the flyer accompanying the IOS-XE
software.
ROM: IOS-XE ROMMON
DEVOP2 uptime is 25 minutes
Uptime for this control processor is 26 minutes
System returned to ROM by reload
System image file is "bootflash:packages.conf"
Last reload reason: Unknown reason
This product contains cryptographic features and is subject to United
States and local country laws governing import, export, transfer and
use. Delivery of Cisco cryptographic products does not imply
third-party authority to import, export, distribute or use encryption.
Importers, exporters, distributors and users are responsible for
compliance with U.S. and local country laws. By using this product you
agree to comply with applicable laws and regulations. If you are unable
to comply with U.S. and local laws, return this product immediately.
A summary of U.S. laws governing Cisco cryptographic products may be found at:
http://www.cisco.com/wwl/export/crypto/tool/stqrg.html
If you require further assistance please contact us by sending email to
export@cisco.com.
License Level: ax
License Type: Default. No valid license found.
Next reload license Level: ax
Smart Licensing Status: Smart Licensing is DISABLED
cisco CSR1000V (VXE) processor (revision VXE) with 2182252K/3075K bytes of memory.
Processor board ID 9G5YZ4LX1F0
3 Gigabit Ethernet interfaces
32768K bytes of non-volatile configuration memory.
3984976K bytes of physical memory.
7774207K bytes of virtual hard disk at bootflash:.
0K bytes of WebUI ODM Files at webui:.
Configuration register is 0x2102
>>> 
>>> 
>>> import cli
>>> 
>>> commands = [
...     "show ip protocols",
... ]
>>> 
>>> for c in commands:
...     cli.executep(c)
... 
*** IP Routing is NSF aware ***
Routing Protocol is "application"
  Sending updates every 0 seconds
  Invalid after 0 seconds, hold down 0, flushed after 0
  Outgoing update filter list for all interfaces is not set
  Incoming update filter list for all interfaces is not set
  Maximum path: 32
  Routing for Networks:
  Routing Information Sources:
    Gateway         Distance      Last Update
  Distance: (default is 4)
>>>  
... 
>>> 
>>> import cli
>>> 
>>> ANNA = '''hostname PYTHONMADE
... '''
>>> 
>>> cli.configurep(ANNA)
Line 1 SUCCESS: hostname PYTHONMADE
>>>  
... 
>>> 
>>> import cli
>>> 
>>> loop_d = '''hostname PYDEVOP_AKO
... int loop 9
... ip add 9.9.9.9 255.255.255.255
... int loop 8
... ip add 8.8.8.8 255.255.255.255
... int loop 7
... ip add 7.7.7.7 255.255.255.255
... int loop 6
... ip add 6.6.6.6 255.255.255.255
... int loop 5
... ip add 5.5.5.5 255.255.255.255
... end
... '''
>>> 
>>> cli.configurep(loop_d)
Line 1 SUCCESS: hostname PYDEVOP_AKO
Line 2 SUCCESS: int loop 9
Line 3 SUCCESS: ip add 9.9.9.9 255.255.255.255
Line 4 SUCCESS: int loop 8
Line 5 SUCCESS: ip add 8.8.8.8 255.255.255.255
Line 6 SUCCESS: int loop 7
Line 7 SUCCESS: ip add 7.7.7.7 255.255.255.255
Line 8 SUCCESS: int loop 6
Line 9 SUCCESS: ip add 6.6.6.6 255.255.255.255
Line 10 SUCCESS: int loop 5
Line 11 SUCCESS: ip add 5.5.5.5 255.255.255.255
Line 12 SUCCESS: end
>>> 